I'm sorry, but errors were detected in your script. Please correct the
errors listed below, and try again.


File "game/GameScreens.rpy", line 2097: 'weak' is not a keyword argument or valid child of the text statement.
    text f"{str(char.slist[selected_skill][1])} ({calcspellheal(char,"weak")} HP)" size 25 ypos 80
                                                                          ^

Ren'Py Version: Ren'Py 8.1.3.23091805
Tue Dec 26 00:04:41 2023
